
--- 2026-04-17T16:58:34.726Z debug
🪵  Writing logs to "/home/ubuntu/.config/.wrangler/logs/wrangler-2026-04-17_16-58-34_475.log"
---

--- 2026-04-17T16:58:34.726Z debug
.env file not found at "/home/ubuntu/projects/pawlytics/.env". Continuing... For more details, refer to https://developers.cloudflare.com/workers/wrangler/system-environment-variables/
---

--- 2026-04-17T16:58:34.728Z debug
.env file not found at "/home/ubuntu/projects/pawlytics/.env.local". Continuing... For more details, refer to https://developers.cloudflare.com/workers/wrangler/system-environment-variables/
---

--- 2026-04-17T16:58:34.741Z debug
Metrics dispatcher: Posting data {"deviceId":"45b54f24-95c1-451d-875a-1ec00c15a0ea","event":"wrangler command started","timestamp":1776445114741,"properties":{"amplitude_session_id":1776445114740,"amplitude_event_id":0,"wranglerVersion":"4.83.0","wranglerMajorVersion":4,"wranglerMinorVersion":83,"wranglerPatchVersion":0,"osPlatform":"Linux","osVersion":"#37-Ubuntu SMP PREEMPT_DYNAMIC Fri Nov 14 22:10:32 UTC 2025","nodeVersion":24,"packageManager":"npm","isFirstUsage":false,"configFileType":"jsonc","isCI":false,"isPagesCI":false,"isWorkersCI":false,"isInteractive":false,"hasAssets":false,"agent":null,"argsUsed":[],"argsCombination":"","sanitizedCommand":"whoami","sanitizedArgs":{}}}
---

--- 2026-04-17T16:58:34.763Z log
Getting User settings...
---

--- 2026-04-17T16:58:34.774Z debug
fetching auth token grant_type=refresh_token&refresh_token=KVriYOmYhweh2sx6wflrkavxVWY1dIfBCOlds4KdViY.Ii7ep-PKxXNUs7yXG6CGZNx0uRuvT628XsYuty1TsgU&client_id=54d11594-84e4-41aa-b438-e81b8fa78ee7
---

--- 2026-04-17T16:58:34.775Z debug
Checking if domain has Access enabled: dash.cloudflare.com
---

--- 2026-04-17T16:58:34.775Z debug
Access switch not cached for: dash.cloudflare.com
---

--- 2026-04-17T16:58:34.816Z debug
Caching access switch for: dash.cloudflare.com
---

--- 2026-04-17T16:58:34.817Z debug
Fetching auth token from https://dash.cloudflare.com/oauth2/token
---

--- 2026-04-17T16:58:34.982Z debug
-- START CF API REQUEST: GET https://api.cloudflare.com/client/v4/user
---

--- 2026-04-17T16:58:34.982Z debug
QUERY STRING: omitted; set WRANGLER_LOG_SANITIZE=false to include sanitized data
---

--- 2026-04-17T16:58:34.982Z debug
HEADERS: omitted; set WRANGLER_LOG_SANITIZE=false to include sanitized data
---

--- 2026-04-17T16:58:34.982Z debug
INIT: omitted; set WRANGLER_LOG_SANITIZE=false to include sanitized data
---

--- 2026-04-17T16:58:34.982Z debug
-- END CF API REQUEST
---

--- 2026-04-17T16:58:35.253Z debug
-- START CF API RESPONSE: OK 200
---

--- 2026-04-17T16:58:35.253Z debug
HEADERS: omitted; set WRANGLER_LOG_SANITIZE=false to include sanitized data
---

--- 2026-04-17T16:58:35.253Z debug
RESPONSE: omitted; set WRANGLER_LOG_SANITIZE=false to include sanitized data
---

--- 2026-04-17T16:58:35.253Z debug
-- END CF API RESPONSE
---

--- 2026-04-17T16:58:35.254Z debug
-- START CF API REQUEST: GET https://api.cloudflare.com/client/v4/accounts
---

--- 2026-04-17T16:58:35.254Z debug
QUERY STRING: omitted; set WRANGLER_LOG_SANITIZE=false to include sanitized data
---

--- 2026-04-17T16:58:35.254Z debug
HEADERS: omitted; set WRANGLER_LOG_SANITIZE=false to include sanitized data
---

--- 2026-04-17T16:58:35.254Z debug
INIT: omitted; set WRANGLER_LOG_SANITIZE=false to include sanitized data
---

--- 2026-04-17T16:58:35.254Z debug
-- END CF API REQUEST
---

--- 2026-04-17T16:58:35.829Z debug
-- START CF API RESPONSE: OK 200
---

--- 2026-04-17T16:58:35.829Z debug
HEADERS: omitted; set WRANGLER_LOG_SANITIZE=false to include sanitized data
---

--- 2026-04-17T16:58:35.829Z debug
RESPONSE: omitted; set WRANGLER_LOG_SANITIZE=false to include sanitized data
---

--- 2026-04-17T16:58:35.829Z debug
-- END CF API RESPONSE
---

--- 2026-04-17T16:58:35.830Z log
👋 You are logged in with an OAuth Token, associated with the email jose.carlos.velazquez@hotmail.com.
---

--- 2026-04-17T16:58:35.837Z log
┌─────────────────────────────────────────────┬──────────────────────────────────┐
│ Account Name                                │ Account ID                       │
├─────────────────────────────────────────────┼──────────────────────────────────┤
│ Jose.carlos.velazquez@hotmail.com's Account │ 791380772df6fb775517d2c73ee9e63c │
└─────────────────────────────────────────────┴──────────────────────────────────┘
---

--- 2026-04-17T16:58:35.838Z log
🔓 Token Permissions:
---

--- 2026-04-17T16:58:35.838Z log
Scope (Access)
---

--- 2026-04-17T16:58:35.838Z log
- account (read)
---

--- 2026-04-17T16:58:35.838Z log
- user (read)
---

--- 2026-04-17T16:58:35.838Z log
- workers (write)
---

--- 2026-04-17T16:58:35.838Z log
- workers_kv (write)
---

--- 2026-04-17T16:58:35.838Z log
- workers_routes (write)
---

--- 2026-04-17T16:58:35.839Z log
- workers_scripts (write)
---

--- 2026-04-17T16:58:35.839Z log
- workers_tail (read)
---

--- 2026-04-17T16:58:35.839Z log
- d1 (write)
---

--- 2026-04-17T16:58:35.839Z log
- pages (write)
---

--- 2026-04-17T16:58:35.839Z log
- zone (read)
---

--- 2026-04-17T16:58:35.839Z log
- ssl_certs (write)
---

--- 2026-04-17T16:58:35.839Z log
- ai (write)
---

--- 2026-04-17T16:58:35.839Z log
- ai-search (write)
---

--- 2026-04-17T16:58:35.839Z log
- ai-search (run)
---

--- 2026-04-17T16:58:35.839Z log
- queues (write)
---

--- 2026-04-17T16:58:35.839Z log
- pipelines (write)
---

--- 2026-04-17T16:58:35.839Z log
- secrets_store (write)
---

--- 2026-04-17T16:58:35.839Z log
- containers (write)
---

--- 2026-04-17T16:58:35.839Z log
- cloudchamber (write)
---

--- 2026-04-17T16:58:35.840Z log
- connectivity (admin)
---

--- 2026-04-17T16:58:35.840Z log
- offline_access 
---

--- 2026-04-17T16:58:35.840Z log

---

--- 2026-04-17T16:58:35.908Z log
▲ [WARNING] Wrangler is missing some expected Oauth scopes. To fix this, run `wrangler login` to refresh your token. The missing scopes are:

  - artifacts:write
  - flagship:write
  - email_routing:write
  - email_sending:write
  - browser:write


---

--- 2026-04-17T16:58:35.909Z debug
Metrics dispatcher: Posting data {"deviceId":"45b54f24-95c1-451d-875a-1ec00c15a0ea","event":"view accounts","timestamp":1776445115909,"properties":{"amplitude_session_id":1776445115909,"amplitude_event_id":0,"wranglerVersion":"4.83.0","wranglerMajorVersion":4,"wranglerMinorVersion":83,"wranglerPatchVersion":0,"osPlatform":"Linux","osVersion":"#37-Ubuntu SMP PREEMPT_DYNAMIC Fri Nov 14 22:10:32 UTC 2025","nodeVersion":24,"packageManager":"npm","isFirstUsage":false,"configFileType":"none","isCI":false,"isPagesCI":false,"isWorkersCI":false,"isInteractive":false,"hasAssets":false,"agent":null,"category":"Workers","os":"linux:x64"}}
---

--- 2026-04-17T16:58:35.911Z debug
Metrics dispatcher: Posting data {"deviceId":"45b54f24-95c1-451d-875a-1ec00c15a0ea","event":"wrangler command completed","timestamp":1776445115911,"properties":{"amplitude_session_id":1776445114740,"amplitude_event_id":1,"wranglerVersion":"4.83.0","wranglerMajorVersion":4,"wranglerMinorVersion":83,"wranglerPatchVersion":0,"osPlatform":"Linux","osVersion":"#37-Ubuntu SMP PREEMPT_DYNAMIC Fri Nov 14 22:10:32 UTC 2025","nodeVersion":24,"packageManager":"npm","isFirstUsage":false,"configFileType":"jsonc","isCI":false,"isPagesCI":false,"isWorkersCI":false,"isInteractive":false,"hasAssets":false,"agent":null,"argsUsed":[],"argsCombination":"","sanitizedCommand":"whoami","sanitizedArgs":{},"durationMs":1183}}
---
