
--- 2026-04-29T16:50:59.927Z debug
🪵  Writing logs to "/home/ubuntu/.config/.wrangler/logs/wrangler-2026-04-29_16-50-59_623.log"
---

--- 2026-04-29T16:50:59.927Z debug
.env file not found at "/home/ubuntu/projects/actions-canine-latest/.env". Continuing... For more details, refer to https://developers.cloudflare.com/workers/wrangler/system-environment-variables/
---

--- 2026-04-29T16:50:59.939Z log

 ⛅️ wrangler 4.80.0 (update available 4.86.0)
─────────────────────────────────────────────
---

--- 2026-04-29T16:50:59.950Z debug
Metrics dispatcher: Posting data {"deviceId":"45b54f24-95c1-451d-875a-1ec00c15a0ea","event":"wrangler command started","timestamp":1777481459950,"properties":{"amplitude_session_id":1777481459948,"amplitude_event_id":0,"wranglerVersion":"4.80.0","wranglerMajorVersion":4,"wranglerMinorVersion":80,"wranglerPatchVersion":0,"osPlatform":"Linux","osVersion":"#37-Ubuntu SMP PREEMPT_DYNAMIC Fri Nov 14 22:10:32 UTC 2025","nodeVersion":24,"packageManager":"npm","isFirstUsage":false,"configFileType":"jsonc","isCI":false,"isPagesCI":false,"isWorkersCI":false,"isInteractive":false,"hasAssets":false,"agent":null,"argsUsed":[],"argsCombination":"","sanitizedCommand":"d1 list","sanitizedArgs":{}}}
---

--- 2026-04-29T16:50:59.989Z debug
-- START CF API REQUEST: GET https://api.cloudflare.com/client/v4/accounts/791380772df6fb775517d2c73ee9e63c/d1/database
---

--- 2026-04-29T16:50:59.989Z debug
QUERY STRING: omitted; set WRANGLER_LOG_SANITIZE=false to include sanitized data
---

--- 2026-04-29T16:50:59.989Z debug
HEADERS: omitted; set WRANGLER_LOG_SANITIZE=false to include sanitized data
---

--- 2026-04-29T16:50:59.989Z debug
INIT: omitted; set WRANGLER_LOG_SANITIZE=false to include sanitized data
---

--- 2026-04-29T16:50:59.989Z debug
-- END CF API REQUEST
---

--- 2026-04-29T16:51:00.733Z debug
-- START CF API RESPONSE: OK 200
---

--- 2026-04-29T16:51:00.734Z debug
HEADERS: omitted; set WRANGLER_LOG_SANITIZE=false to include sanitized data
---

--- 2026-04-29T16:51:00.734Z debug
RESPONSE: omitted; set WRANGLER_LOG_SANITIZE=false to include sanitized data
---

--- 2026-04-29T16:51:00.734Z debug
-- END CF API RESPONSE
---

--- 2026-04-29T16:51:00.748Z log
┌──────────────────────────────────────┬───────────────────────────┬──────────────────────────┬────────────┬────────────┬───────────┬──────────────┐
│ uuid                                 │ name                      │ created_at               │ version    │ num_tables │ file_size │ jurisdiction │
├──────────────────────────────────────┼───────────────────────────┼──────────────────────────┼────────────┼────────────┼───────────┼──────────────┤
│ 9880286d-024c-4249-9d53-ff4536a93161 │ actions-canine-db-preview │ 2026-04-07T13:49:54.241Z │ production │ 0          │ 270336    │              │
├──────────────────────────────────────┼───────────────────────────┼──────────────────────────┼────────────┼────────────┼───────────┼──────────────┤
│ 3a095cc7-e85f-4341-a915-8abca3ebc509 │ actions-canine-db         │ 2026-04-07T13:49:53.696Z │ production │ 0          │ 278528    │              │
└──────────────────────────────────────┴───────────────────────────┴──────────────────────────┴────────────┴────────────┴───────────┴──────────────┘
---

--- 2026-04-29T16:51:00.749Z debug
Metrics dispatcher: Posting data {"deviceId":"45b54f24-95c1-451d-875a-1ec00c15a0ea","event":"wrangler command completed","timestamp":1777481460749,"properties":{"amplitude_session_id":1777481459948,"amplitude_event_id":1,"wranglerVersion":"4.80.0","wranglerMajorVersion":4,"wranglerMinorVersion":80,"wranglerPatchVersion":0,"osPlatform":"Linux","osVersion":"#37-Ubuntu SMP PREEMPT_DYNAMIC Fri Nov 14 22:10:32 UTC 2025","nodeVersion":24,"packageManager":"npm","isFirstUsage":false,"configFileType":"jsonc","isCI":false,"isPagesCI":false,"isWorkersCI":false,"isInteractive":false,"hasAssets":false,"agent":null,"argsUsed":[],"argsCombination":"","sanitizedCommand":"d1 list","sanitizedArgs":{},"durationMs":817}}
---
