
--- 2026-04-15T21:58:54.763Z debug
🪵  Writing logs to "/home/ubuntu/.config/.wrangler/logs/wrangler-2026-04-15_21-58-54_309.log"
---

--- 2026-04-15T21:58:54.763Z debug
.env file not found at "/home/ubuntu/projects/actions-canine-latest/.env". Continuing... For more details, refer to https://developers.cloudflare.com/workers/wrangler/system-environment-variables/
---

--- 2026-04-15T21:58:54.765Z debug
.env file not found at "/home/ubuntu/projects/actions-canine-latest/.env.local". Continuing... For more details, refer to https://developers.cloudflare.com/workers/wrangler/system-environment-variables/
---

--- 2026-04-15T21:58:54.795Z debug
Metrics dispatcher: Posting data {"deviceId":"45b54f24-95c1-451d-875a-1ec00c15a0ea","event":"wrangler command started","timestamp":1776290334795,"properties":{"amplitude_session_id":1776290334791,"amplitude_event_id":0,"wranglerVersion":"4.80.0","wranglerMajorVersion":4,"wranglerMinorVersion":80,"wranglerPatchVersion":0,"osPlatform":"Linux","osVersion":"#37-Ubuntu SMP PREEMPT_DYNAMIC Fri Nov 14 22:10:32 UTC 2025","nodeVersion":24,"packageManager":"npm","isFirstUsage":false,"configFileType":"jsonc","isCI":false,"isPagesCI":false,"isWorkersCI":false,"isInteractive":false,"hasAssets":false,"agent":null,"argsUsed":["format","samplingRate","search"],"argsCombination":"format, samplingRate, search","sanitizedCommand":"tail","sanitizedArgs":{"format":"json"}}}
---

--- 2026-04-15T21:58:54.830Z debug
Metrics dispatcher: Posting data {"deviceId":"45b54f24-95c1-451d-875a-1ec00c15a0ea","event":"begin log stream","timestamp":1776290334830,"properties":{"amplitude_session_id":1776290334829,"amplitude_event_id":0,"wranglerVersion":"4.80.0","wranglerMajorVersion":4,"wranglerMinorVersion":80,"wranglerPatchVersion":0,"osPlatform":"Linux","osVersion":"#37-Ubuntu SMP PREEMPT_DYNAMIC Fri Nov 14 22:10:32 UTC 2025","nodeVersion":24,"packageManager":"npm","isFirstUsage":false,"configFileType":"none","isCI":false,"isPagesCI":false,"isWorkersCI":false,"isInteractive":false,"hasAssets":false,"agent":null,"category":"Workers","os":"linux:x64"}}
---

--- 2026-04-15T21:58:54.832Z debug
fetching auth token grant_type=refresh_token&refresh_token=hpi_zzdKfA9TJbQzk40w6osYVSfedz2g2CNUGTwKX8c.Y-0DLSxvMZ7t_esGPI3JnU36awE7oIP49_I9Sg-jIwY&client_id=54d11594-84e4-41aa-b438-e81b8fa78ee7
---

--- 2026-04-15T21:58:54.832Z debug
Checking if domain has Access enabled: dash.cloudflare.com
---

--- 2026-04-15T21:58:54.832Z debug
Access switch not cached for: dash.cloudflare.com
---

--- 2026-04-15T21:58:54.912Z debug
Caching access switch for: dash.cloudflare.com
---

--- 2026-04-15T21:58:54.913Z debug
Fetching auth token from https://dash.cloudflare.com/oauth2/token
---

--- 2026-04-15T21:58:55.071Z debug
-- START CF API REQUEST: POST https://api.cloudflare.com/client/v4/accounts/791380772df6fb775517d2c73ee9e63c/workers/scripts/action-canine-training/tails
---

--- 2026-04-15T21:58:55.071Z debug
QUERY STRING: omitted; set WRANGLER_LOG_SANITIZE=false to include sanitized data
---

--- 2026-04-15T21:58:55.072Z debug
HEADERS: omitted; set WRANGLER_LOG_SANITIZE=false to include sanitized data
---

--- 2026-04-15T21:58:55.072Z debug
INIT: omitted; set WRANGLER_LOG_SANITIZE=false to include sanitized data
---

--- 2026-04-15T21:58:55.072Z debug
-- END CF API REQUEST
---

--- 2026-04-15T21:58:55.621Z debug
-- START CF API RESPONSE: OK 200
---

--- 2026-04-15T21:58:55.621Z debug
HEADERS: omitted; set WRANGLER_LOG_SANITIZE=false to include sanitized data
---

--- 2026-04-15T21:58:55.621Z debug
RESPONSE: omitted; set WRANGLER_LOG_SANITIZE=false to include sanitized data
---

--- 2026-04-15T21:58:55.621Z debug
-- END CF API RESPONSE
---

--- 2026-04-15T21:58:55.933Z debug
Metrics dispatcher: Posting data {"deviceId":"45b54f24-95c1-451d-875a-1ec00c15a0ea","event":"wrangler command completed","timestamp":1776290335933,"properties":{"amplitude_session_id":1776290334791,"amplitude_event_id":1,"wranglerVersion":"4.80.0","wranglerMajorVersion":4,"wranglerMinorVersion":80,"wranglerPatchVersion":0,"osPlatform":"Linux","osVersion":"#37-Ubuntu SMP PREEMPT_DYNAMIC Fri Nov 14 22:10:32 UTC 2025","nodeVersion":24,"packageManager":"npm","isFirstUsage":false,"configFileType":"jsonc","isCI":false,"isPagesCI":false,"isWorkersCI":false,"isInteractive":false,"hasAssets":false,"agent":null,"argsUsed":["format","samplingRate","search"],"argsCombination":"format, samplingRate, search","sanitizedCommand":"tail","sanitizedArgs":{"format":"json"},"durationMs":1166}}
---
