
--- 2026-04-15T20:31:29.506Z debug
🪵  Writing logs to "/home/ubuntu/.config/.wrangler/logs/wrangler-2026-04-15_20-31-29_128.log"
---

--- 2026-04-15T20:31:29.505Z debug
.env file not found at "/home/ubuntu/projects/actions-canine-latest/.env". Continuing... For more details, refer to https://developers.cloudflare.com/workers/wrangler/system-environment-variables/
---

--- 2026-04-15T20:31:29.508Z debug
.env file not found at "/home/ubuntu/projects/actions-canine-latest/.env.local". Continuing... For more details, refer to https://developers.cloudflare.com/workers/wrangler/system-environment-variables/
---

--- 2026-04-15T20:31:29.530Z debug
Metrics dispatcher: Posting data {"deviceId":"45b54f24-95c1-451d-875a-1ec00c15a0ea","event":"wrangler command started","timestamp":1776285089530,"properties":{"amplitude_session_id":1776285089527,"amplitude_event_id":0,"wranglerVersion":"4.80.0","wranglerMajorVersion":4,"wranglerMinorVersion":80,"wranglerPatchVersion":0,"osPlatform":"Linux","osVersion":"#37-Ubuntu SMP PREEMPT_DYNAMIC Fri Nov 14 22:10:32 UTC 2025","nodeVersion":24,"packageManager":"npm","isFirstUsage":false,"configFileType":"jsonc","isCI":false,"isPagesCI":false,"isWorkersCI":false,"isInteractive":false,"hasAssets":false,"agent":null,"argsUsed":["format","samplingRate","status"],"argsCombination":"format, samplingRate, status","sanitizedCommand":"tail","sanitizedArgs":{"format":"pretty","status":["error"]}}}
---

--- 2026-04-15T20:31:29.580Z log

 ⛅️ wrangler 4.80.0 (update available 4.83.0)
─────────────────────────────────────────────
---

--- 2026-04-15T20:31:29.582Z debug
Metrics dispatcher: Posting data {"deviceId":"45b54f24-95c1-451d-875a-1ec00c15a0ea","event":"begin log stream","timestamp":1776285089582,"properties":{"amplitude_session_id":1776285089581,"amplitude_event_id":0,"wranglerVersion":"4.80.0","wranglerMajorVersion":4,"wranglerMinorVersion":80,"wranglerPatchVersion":0,"osPlatform":"Linux","osVersion":"#37-Ubuntu SMP PREEMPT_DYNAMIC Fri Nov 14 22:10:32 UTC 2025","nodeVersion":24,"packageManager":"npm","isFirstUsage":false,"configFileType":"none","isCI":false,"isPagesCI":false,"isWorkersCI":false,"isInteractive":false,"hasAssets":false,"agent":null,"category":"Workers","os":"linux:x64"}}
---

--- 2026-04-15T20:31:29.587Z debug
-- START CF API REQUEST: POST https://api.cloudflare.com/client/v4/accounts/791380772df6fb775517d2c73ee9e63c/workers/scripts/action-canine-training/tails
---

--- 2026-04-15T20:31:29.587Z debug
QUERY STRING: omitted; set WRANGLER_LOG_SANITIZE=false to include sanitized data
---

--- 2026-04-15T20:31:29.588Z debug
HEADERS: omitted; set WRANGLER_LOG_SANITIZE=false to include sanitized data
---

--- 2026-04-15T20:31:29.588Z debug
INIT: omitted; set WRANGLER_LOG_SANITIZE=false to include sanitized data
---

--- 2026-04-15T20:31:29.588Z debug
-- END CF API REQUEST
---

--- 2026-04-15T20:31:32.032Z debug
-- START CF API RESPONSE: OK 200
---

--- 2026-04-15T20:31:32.033Z debug
HEADERS: omitted; set WRANGLER_LOG_SANITIZE=false to include sanitized data
---

--- 2026-04-15T20:31:32.033Z debug
RESPONSE: omitted; set WRANGLER_LOG_SANITIZE=false to include sanitized data
---

--- 2026-04-15T20:31:32.033Z debug
-- END CF API RESPONSE
---

--- 2026-04-15T20:31:32.041Z log
Successfully created tail, expires at 2026-04-16T02:31:31Z
---

--- 2026-04-15T20:31:32.444Z log
Connected to action-canine-training, waiting for logs...
---

--- 2026-04-15T20:31:32.445Z debug
Metrics dispatcher: Posting data {"deviceId":"45b54f24-95c1-451d-875a-1ec00c15a0ea","event":"wrangler command completed","timestamp":1776285092445,"properties":{"amplitude_session_id":1776285089527,"amplitude_event_id":1,"wranglerVersion":"4.80.0","wranglerMajorVersion":4,"wranglerMinorVersion":80,"wranglerPatchVersion":0,"osPlatform":"Linux","osVersion":"#37-Ubuntu SMP PREEMPT_DYNAMIC Fri Nov 14 22:10:32 UTC 2025","nodeVersion":24,"packageManager":"npm","isFirstUsage":false,"configFileType":"jsonc","isCI":false,"isPagesCI":false,"isWorkersCI":false,"isInteractive":false,"hasAssets":false,"agent":null,"argsUsed":["format","samplingRate","status"],"argsCombination":"format, samplingRate, status","sanitizedCommand":"tail","sanitizedArgs":{"format":"pretty","status":["error"]},"durationMs":2936}}
---
