
--- 2026-04-17T17:32:57.421Z debug
🪵  Writing logs to "/home/ubuntu/.config/.wrangler/logs/wrangler-2026-04-17_17-32-57_155.log"
---

--- 2026-04-17T17:32:57.421Z debug
.env file not found at "/home/ubuntu/projects/pawlytics/.env". Continuing... For more details, refer to https://developers.cloudflare.com/workers/wrangler/system-environment-variables/
---

--- 2026-04-17T17:32:57.423Z debug
.env file not found at "/home/ubuntu/projects/pawlytics/.env.local". Continuing... For more details, refer to https://developers.cloudflare.com/workers/wrangler/system-environment-variables/
---

--- 2026-04-17T17:32:57.435Z log

 ⛅️ wrangler 4.83.0
───────────────────
---

--- 2026-04-17T17:32:57.439Z debug
Metrics dispatcher: Posting data {"deviceId":"45b54f24-95c1-451d-875a-1ec00c15a0ea","event":"wrangler command started","timestamp":1776447177439,"properties":{"amplitude_session_id":1776447177436,"amplitude_event_id":0,"wranglerVersion":"4.83.0","wranglerMajorVersion":4,"wranglerMinorVersion":83,"wranglerPatchVersion":0,"osPlatform":"Linux","osVersion":"#37-Ubuntu SMP PREEMPT_DYNAMIC Fri Nov 14 22:10:32 UTC 2025","nodeVersion":24,"packageManager":"npm","isFirstUsage":false,"configFileType":"none","isCI":false,"isPagesCI":false,"isWorkersCI":false,"isInteractive":false,"hasAssets":false,"agent":null,"argsUsed":[],"argsCombination":"","sanitizedCommand":"dev","sanitizedArgs":{}}}
---

--- 2026-04-17T17:32:57.473Z debug
setting config
---

--- 2026-04-17T17:32:57.473Z debug
Updating config... undefined undefined
---

--- 2026-04-17T17:32:57.506Z debug
local dev variables file not found at ".dev.vars". Continuing... For more details, refer to https://developers.cloudflare.com/workers/wrangler/system-environment-variables/
---

--- 2026-04-17T17:32:57.506Z debug
.env file not found at "/home/ubuntu/projects/pawlytics/.env". Continuing... For more details, refer to https://developers.cloudflare.com/workers/wrangler/system-environment-variables/
---

--- 2026-04-17T17:32:57.506Z debug
.env file not found at "/home/ubuntu/projects/pawlytics/.env.local". Continuing... For more details, refer to https://developers.cloudflare.com/workers/wrangler/system-environment-variables/
---

--- 2026-04-17T17:32:57.756Z debug
RemoteRuntimeController teardown beginning...
---

--- 2026-04-17T17:32:57.757Z debug
RemoteRuntimeController teardown complete
---

--- 2026-04-17T17:32:57.766Z log
⎔ Starting local server...
---

--- 2026-04-17T17:32:57.772Z debug
[InspectorProxyWorker] handleProxyControllerIncomingMessage {"type":"reloadStart"}
---

--- 2026-04-17T17:32:58.255Z debug
[InspectorProxyWorker] handleProxyControllerIncomingMessage {"type":"reloadComplete","proxyData":{"userWorkerUrl":{"protocol":"http:","hostname":"127.0.0.1","port":"33715"},"userWorkerInspectorUrl":{"protocol":"ws:","hostname":"127.0.0.1","port":"36007","pathname":"/core:user:pawlytics"},"userWorkerInnerUrlOverrides":{"protocol":"http:"},"headers":{"MF-Proxy-Shared-Secret":"05fbba8a-0132-43c4-937b-ea8aacc9ed2a"},"liveReload":false,"proxyLogsToController":false}}
---

--- 2026-04-17T17:32:58.256Z debug
[InspectorProxyWorker] reconnectRuntimeWebSocket
---

--- 2026-04-17T17:32:58.258Z debug
[InspectorProxyWorker] NEW RUNTIME WEBSOCKET http://127.0.0.1:36007/core:user:pawlytics
---

--- 2026-04-17T17:32:58.259Z debug
[InspectorProxyWorker] RUNTIME WEBSOCKET OPENED
---

--- 2026-04-17T17:32:58.261Z debug
[InspectorProxyWorker] SEND TO DEVTOOLS {"method":"Runtime.executionContextsCleared"}
---

--- 2026-04-17T17:32:58.262Z debug
[InspectorProxyWorker] RUNTIME INCOMING MESSAGE {
  method: 'Runtime.executionContextCreated',
  params: {
    context: {
      id: 364628993,
      origin: '',
      name: 'Worker',
      uniqueId: '67002505592099616.-4485066091103352340'
    }
  }
}
---

--- 2026-04-17T17:32:58.263Z debug
[InspectorProxyWorker] RUNTIME INCOMING MESSAGE { id: 100000001, result: {} }
---

--- 2026-04-17T17:32:58.264Z debug
[InspectorProxyWorker] SEND TO RUNTIME {"method":"Runtime.enable","id":100000001}
---

--- 2026-04-17T17:32:58.265Z debug
[InspectorProxyWorker] SEND TO RUNTIME {"method":"Network.enable","id":100000002}
---

--- 2026-04-17T17:32:58.266Z debug
[InspectorProxyWorker] RUNTIME INCOMING MESSAGE { id: 100000002, method: 'Network.enable', result: {} }
---

--- 2026-04-17T17:33:08.265Z debug
[InspectorProxyWorker] SEND TO RUNTIME {"method":"Runtime.getIsolateId","id":100000003}
---

--- 2026-04-17T17:33:08.266Z debug
[InspectorProxyWorker] RUNTIME INCOMING MESSAGE { id: 100000003, result: { id: '8b9bb5ee9db1944b' } }
---
