
--- 2026-04-27T16:39:32.568Z debug
🪵  Writing logs to "/home/ubuntu/.config/.wrangler/logs/wrangler-2026-04-27_16-39-30_026.log"
---

--- 2026-04-27T16:39:32.568Z log
Found a non-empty CLOUDFLARE_HYPERDRIVE_LOCAL_CONNECTION_STRING_HYPERDRIVE variable for binding. Hyperdrive will connect to this database during local development.
---

--- 2026-04-27T16:39:32.571Z debug
local dev variables file not found at ".dev.vars". Continuing... For more details, refer to https://developers.cloudflare.com/workers/wrangler/system-environment-variables/
---

--- 2026-04-27T16:39:32.571Z debug
.env file not found at "/home/ubuntu/projects/actions-canine-latest.worktrees/landing-page-parity/.env". Continuing... For more details, refer to https://developers.cloudflare.com/workers/wrangler/system-environment-variables/
---

--- 2026-04-27T16:39:32.571Z log
Using secrets defined in .env.local
---

--- 2026-04-27T16:39:37.456Z log
Found a non-empty CLOUDFLARE_HYPERDRIVE_LOCAL_CONNECTION_STRING_HYPERDRIVE variable for binding. Hyperdrive will connect to this database during local development.
---

--- 2026-04-27T16:39:37.457Z debug
local dev variables file not found at ".dev.vars". Continuing... For more details, refer to https://developers.cloudflare.com/workers/wrangler/system-environment-variables/
---

--- 2026-04-27T16:39:37.457Z debug
.env file not found at "/home/ubuntu/projects/actions-canine-latest.worktrees/landing-page-parity/.env". Continuing... For more details, refer to https://developers.cloudflare.com/workers/wrangler/system-environment-variables/
---

--- 2026-04-27T16:39:37.457Z log
Using secrets defined in .env.local
---
