
--- 2026-04-17T17:29:24.536Z debug
🪵  Writing logs to "/home/ubuntu/.config/.wrangler/logs/wrangler-2026-04-17_17-29-24_274.log"
---

--- 2026-04-17T17:29:24.536Z debug
.env file not found at "/home/ubuntu/projects/pawlytics/.env". Continuing... For more details, refer to https://developers.cloudflare.com/workers/wrangler/system-environment-variables/
---

--- 2026-04-17T17:29:24.537Z debug
.env file not found at "/home/ubuntu/projects/pawlytics/.env.local". Continuing... For more details, refer to https://developers.cloudflare.com/workers/wrangler/system-environment-variables/
---

--- 2026-04-17T17:29:24.550Z log

 ⛅️ wrangler 4.83.0
───────────────────
---

--- 2026-04-17T17:29:24.553Z debug
Metrics dispatcher: Posting data {"deviceId":"45b54f24-95c1-451d-875a-1ec00c15a0ea","event":"wrangler command started","timestamp":1776446964553,"properties":{"amplitude_session_id":1776446964551,"amplitude_event_id":0,"wranglerVersion":"4.83.0","wranglerMajorVersion":4,"wranglerMinorVersion":83,"wranglerPatchVersion":0,"osPlatform":"Linux","osVersion":"#37-Ubuntu SMP PREEMPT_DYNAMIC Fri Nov 14 22:10:32 UTC 2025","nodeVersion":24,"packageManager":"npm","isFirstUsage":false,"configFileType":"none","isCI":false,"isPagesCI":false,"isWorkersCI":false,"isInteractive":true,"hasAssets":false,"agent":null,"argsUsed":[],"argsCombination":"","sanitizedCommand":"dev","sanitizedArgs":{}}}
---

--- 2026-04-17T17:29:24.588Z debug
setting config
---

--- 2026-04-17T17:29:24.588Z debug
Updating config... undefined undefined
---

--- 2026-04-17T17:29:24.618Z debug
local dev variables file not found at ".dev.vars". Continuing... For more details, refer to https://developers.cloudflare.com/workers/wrangler/system-environment-variables/
---

--- 2026-04-17T17:29:24.618Z debug
.env file not found at "/home/ubuntu/projects/pawlytics/.env". Continuing... For more details, refer to https://developers.cloudflare.com/workers/wrangler/system-environment-variables/
---

--- 2026-04-17T17:29:24.618Z debug
.env file not found at "/home/ubuntu/projects/pawlytics/.env.local". Continuing... For more details, refer to https://developers.cloudflare.com/workers/wrangler/system-environment-variables/
---

--- 2026-04-17T17:29:24.810Z debug
RemoteRuntimeController teardown beginning...
---

--- 2026-04-17T17:29:24.810Z debug
RemoteRuntimeController teardown complete
---

--- 2026-04-17T17:29:24.818Z log
⎔ Starting local server...
---

--- 2026-04-17T17:29:24.841Z debug
[InspectorProxyWorker] handleProxyControllerIncomingMessage {"type":"reloadStart"}
---

--- 2026-04-17T17:29:25.252Z debug
[InspectorProxyWorker] handleProxyControllerIncomingMessage {"type":"reloadComplete","proxyData":{"userWorkerUrl":{"protocol":"http:","hostname":"127.0.0.1","port":"38013"},"userWorkerInspectorUrl":{"protocol":"ws:","hostname":"127.0.0.1","port":"33907","pathname":"/core:user:pawlytics"},"userWorkerInnerUrlOverrides":{"protocol":"http:"},"headers":{"MF-Proxy-Shared-Secret":"c2fca154-c58d-4e18-a715-5929659bf1ae"},"liveReload":false,"proxyLogsToController":false}}
---

--- 2026-04-17T17:29:25.253Z debug
[InspectorProxyWorker] reconnectRuntimeWebSocket
---

--- 2026-04-17T17:29:25.254Z debug
[InspectorProxyWorker] NEW RUNTIME WEBSOCKET http://127.0.0.1:33907/core:user:pawlytics
---

--- 2026-04-17T17:29:25.255Z debug
[InspectorProxyWorker] SEND TO DEVTOOLS {"method":"Runtime.executionContextsCleared"}
---

--- 2026-04-17T17:29:25.256Z debug
[InspectorProxyWorker] RUNTIME WEBSOCKET OPENED
---

--- 2026-04-17T17:29:25.258Z debug
[InspectorProxyWorker] RUNTIME INCOMING MESSAGE {
  method: 'Runtime.executionContextCreated',
  params: {
    context: {
      id: 99315553,
      origin: '',
      name: 'Worker',
      uniqueId: '2896923454940782725.-5965392944596415473'
    }
  }
}
---

--- 2026-04-17T17:29:25.259Z debug
[InspectorProxyWorker] RUNTIME INCOMING MESSAGE { id: 100000001, result: {} }
---

--- 2026-04-17T17:29:25.260Z debug
[InspectorProxyWorker] RUNTIME INCOMING MESSAGE { id: 100000002, method: 'Network.enable', result: {} }
---

--- 2026-04-17T17:29:25.261Z debug
[InspectorProxyWorker] SEND TO RUNTIME {"method":"Runtime.enable","id":100000001}
---

--- 2026-04-17T17:29:25.262Z debug
[InspectorProxyWorker] SEND TO RUNTIME {"method":"Network.enable","id":100000002}
---

--- 2026-04-17T17:29:35.262Z debug
[InspectorProxyWorker] SEND TO RUNTIME {"method":"Runtime.getIsolateId","id":100000003}
---

--- 2026-04-17T17:29:35.264Z debug
[InspectorProxyWorker] RUNTIME INCOMING MESSAGE { id: 100000003, result: { id: '145dcb1725d192be' } }
---

--- 2026-04-17T17:29:38.501Z error
✘ [ERROR] Error while handling hotkey [b]


---

--- 2026-04-17T17:29:45.269Z debug
[InspectorProxyWorker] SEND TO RUNTIME {"method":"Runtime.getIsolateId","id":100000004}
---

--- 2026-04-17T17:29:45.270Z debug
[InspectorProxyWorker] RUNTIME INCOMING MESSAGE { id: 100000004, result: { id: '145dcb1725d192be' } }
---

--- 2026-04-17T17:29:55.274Z debug
[InspectorProxyWorker] SEND TO RUNTIME {"method":"Runtime.getIsolateId","id":100000005}
---

--- 2026-04-17T17:29:55.276Z debug
[InspectorProxyWorker] RUNTIME INCOMING MESSAGE { id: 100000005, result: { id: '145dcb1725d192be' } }
---

--- 2026-04-17T17:30:05.280Z debug
[InspectorProxyWorker] SEND TO RUNTIME {"method":"Runtime.getIsolateId","id":100000006}
---

--- 2026-04-17T17:30:05.281Z debug
[InspectorProxyWorker] RUNTIME INCOMING MESSAGE { id: 100000006, result: { id: '145dcb1725d192be' } }
---

--- 2026-04-17T17:30:15.285Z debug
[InspectorProxyWorker] SEND TO RUNTIME {"method":"Runtime.getIsolateId","id":100000007}
---

--- 2026-04-17T17:30:15.286Z debug
[InspectorProxyWorker] RUNTIME INCOMING MESSAGE { id: 100000007, result: { id: '145dcb1725d192be' } }
---

--- 2026-04-17T17:30:25.289Z debug
[InspectorProxyWorker] SEND TO RUNTIME {"method":"Runtime.getIsolateId","id":100000008}
---

--- 2026-04-17T17:30:25.290Z debug
[InspectorProxyWorker] RUNTIME INCOMING MESSAGE { id: 100000008, result: { id: '145dcb1725d192be' } }
---

--- 2026-04-17T17:30:35.295Z debug
[InspectorProxyWorker] SEND TO RUNTIME {"method":"Runtime.getIsolateId","id":100000009}
---

--- 2026-04-17T17:30:35.296Z debug
[InspectorProxyWorker] RUNTIME INCOMING MESSAGE { id: 100000009, result: { id: '145dcb1725d192be' } }
---

--- 2026-04-17T17:30:45.297Z debug
[InspectorProxyWorker] SEND TO RUNTIME {"method":"Runtime.getIsolateId","id":100000010}
---

--- 2026-04-17T17:30:45.298Z debug
[InspectorProxyWorker] RUNTIME INCOMING MESSAGE { id: 100000010, result: { id: '145dcb1725d192be' } }
---

--- 2026-04-17T17:30:55.298Z debug
[InspectorProxyWorker] SEND TO RUNTIME {"method":"Runtime.getIsolateId","id":100000011}
---

--- 2026-04-17T17:30:55.299Z debug
[InspectorProxyWorker] RUNTIME INCOMING MESSAGE { id: 100000011, result: { id: '145dcb1725d192be' } }
---

--- 2026-04-17T17:31:05.305Z debug
[InspectorProxyWorker] SEND TO RUNTIME {"method":"Runtime.getIsolateId","id":100000012}
---

--- 2026-04-17T17:31:05.306Z debug
[InspectorProxyWorker] RUNTIME INCOMING MESSAGE { id: 100000012, result: { id: '145dcb1725d192be' } }
---

--- 2026-04-17T17:31:15.310Z debug
[InspectorProxyWorker] SEND TO RUNTIME {"method":"Runtime.getIsolateId","id":100000013}
---

--- 2026-04-17T17:31:15.311Z debug
[InspectorProxyWorker] RUNTIME INCOMING MESSAGE { id: 100000013, result: { id: '145dcb1725d192be' } }
---

--- 2026-04-17T17:31:25.315Z debug
[InspectorProxyWorker] SEND TO RUNTIME {"method":"Runtime.getIsolateId","id":100000014}
---

--- 2026-04-17T17:31:25.316Z debug
[InspectorProxyWorker] RUNTIME INCOMING MESSAGE { id: 100000014, result: { id: '145dcb1725d192be' } }
---

--- 2026-04-17T17:31:31.488Z debug
DevEnv teardown beginning...
---

--- 2026-04-17T17:31:31.488Z debug
ConfigController teardown beginning...
---

--- 2026-04-17T17:31:31.488Z debug
BundlerController teardown beginning...
---

--- 2026-04-17T17:31:31.491Z debug
LocalRuntimeController teardown beginning...
---

--- 2026-04-17T17:31:31.491Z log
⎔ Shutting down local server...
---

--- 2026-04-17T17:31:31.492Z debug
RemoteRuntimeController teardown beginning...
---

--- 2026-04-17T17:31:31.492Z debug
RemoteRuntimeController teardown complete
---

--- 2026-04-17T17:31:31.492Z debug
ProxyController teardown beginning...
---

--- 2026-04-17T17:31:31.492Z debug
ConfigController teardown complete
---

--- 2026-04-17T17:31:31.499Z debug
ProxyController teardown complete
---

--- 2026-04-17T17:31:31.503Z debug
LocalRuntimeController teardown complete
---

--- 2026-04-17T17:31:31.513Z debug
BundlerController teardown complete
---

--- 2026-04-17T17:31:31.513Z debug
DevEnv teardown complete
---

--- 2026-04-17T17:31:31.514Z debug
Metrics dispatcher: Posting data {"deviceId":"45b54f24-95c1-451d-875a-1ec00c15a0ea","event":"wrangler command completed","timestamp":1776447091514,"properties":{"amplitude_session_id":1776446964551,"amplitude_event_id":1,"wranglerVersion":"4.83.0","wranglerMajorVersion":4,"wranglerMinorVersion":83,"wranglerPatchVersion":0,"osPlatform":"Linux","osVersion":"#37-Ubuntu SMP PREEMPT_DYNAMIC Fri Nov 14 22:10:32 UTC 2025","nodeVersion":24,"packageManager":"npm","isFirstUsage":false,"configFileType":"none","isCI":false,"isPagesCI":false,"isWorkersCI":false,"isInteractive":true,"hasAssets":false,"agent":null,"argsUsed":[],"argsCombination":"","sanitizedCommand":"dev","sanitizedArgs":{},"durationMs":126975}}
---
