
--- 2026-04-28T20:23:04.971Z debug
🪵  Writing logs to "/home/ubuntu/.config/.wrangler/logs/wrangler-2026-04-28_20-23-02_639.log"
---

--- 2026-04-28T20:23:04.971Z log
Found a non-empty CLOUDFLARE_HYPERDRIVE_LOCAL_CONNECTION_STRING_HYPERDRIVE variable for binding. Hyperdrive will connect to this database during local development.
---

--- 2026-04-28T20:23:04.972Z debug
local dev variables file not found at ".dev.vars". Continuing... For more details, refer to https://developers.cloudflare.com/workers/wrangler/system-environment-variables/
---

--- 2026-04-28T20:23:04.973Z debug
.env file not found at "/home/ubuntu/projects/actions-canine-latest/.env". Continuing... For more details, refer to https://developers.cloudflare.com/workers/wrangler/system-environment-variables/
---

--- 2026-04-28T20:23:04.973Z log
Using secrets defined in .env.local
---

--- 2026-04-28T20:23:09.955Z log
Found a non-empty CLOUDFLARE_HYPERDRIVE_LOCAL_CONNECTION_STRING_HYPERDRIVE variable for binding. Hyperdrive will connect to this database during local development.
---

--- 2026-04-28T20:23:09.955Z debug
local dev variables file not found at ".dev.vars". Continuing... For more details, refer to https://developers.cloudflare.com/workers/wrangler/system-environment-variables/
---

--- 2026-04-28T20:23:09.955Z debug
.env file not found at "/home/ubuntu/projects/actions-canine-latest/.env". Continuing... For more details, refer to https://developers.cloudflare.com/workers/wrangler/system-environment-variables/
---

--- 2026-04-28T20:23:09.955Z log
Using secrets defined in .env.local
---
