
--- 2026-04-27T22:04:08.209Z debug
🪵  Writing logs to "/home/ubuntu/.config/.wrangler/logs/wrangler-2026-04-27_22-04-05_909.log"
---

--- 2026-04-27T22:04:08.209Z log
Found a non-empty CLOUDFLARE_HYPERDRIVE_LOCAL_CONNECTION_STRING_HYPERDRIVE variable for binding. Hyperdrive will connect to this database during local development.
---

--- 2026-04-27T22:04:08.210Z debug
local dev variables file not found at ".dev.vars". Continuing... For more details, refer to https://developers.cloudflare.com/workers/wrangler/system-environment-variables/
---

--- 2026-04-27T22:04:08.211Z debug
.env file not found at "/home/ubuntu/projects/actions-canine-latest/.env". Continuing... For more details, refer to https://developers.cloudflare.com/workers/wrangler/system-environment-variables/
---

--- 2026-04-27T22:04:08.211Z log
Using secrets defined in .env.local
---

--- 2026-04-27T22:04:13.257Z log
Found a non-empty CLOUDFLARE_HYPERDRIVE_LOCAL_CONNECTION_STRING_HYPERDRIVE variable for binding. Hyperdrive will connect to this database during local development.
---

--- 2026-04-27T22:04:13.257Z debug
local dev variables file not found at ".dev.vars". Continuing... For more details, refer to https://developers.cloudflare.com/workers/wrangler/system-environment-variables/
---

--- 2026-04-27T22:04:13.257Z debug
.env file not found at "/home/ubuntu/projects/actions-canine-latest/.env". Continuing... For more details, refer to https://developers.cloudflare.com/workers/wrangler/system-environment-variables/
---

--- 2026-04-27T22:04:13.257Z log
Using secrets defined in .env.local
---

--- 2026-04-27T22:08:48.375Z log
Found a non-empty CLOUDFLARE_HYPERDRIVE_LOCAL_CONNECTION_STRING_HYPERDRIVE variable for binding. Hyperdrive will connect to this database during local development.
---

--- 2026-04-27T22:08:48.376Z debug
local dev variables file not found at ".dev.vars". Continuing... For more details, refer to https://developers.cloudflare.com/workers/wrangler/system-environment-variables/
---

--- 2026-04-27T22:08:48.376Z debug
.env file not found at "/home/ubuntu/projects/actions-canine-latest/.env". Continuing... For more details, refer to https://developers.cloudflare.com/workers/wrangler/system-environment-variables/
---

--- 2026-04-27T22:08:48.377Z log
Using secrets defined in .env.local
---
