
--- 2026-04-28T16:15:48.430Z debug
🪵  Writing logs to "/home/ubuntu/.config/.wrangler/logs/wrangler-2026-04-28_16-15-46_361.log"
---

--- 2026-04-28T16:15:48.430Z log
Found a non-empty CLOUDFLARE_HYPERDRIVE_LOCAL_CONNECTION_STRING_HYPERDRIVE variable for binding. Hyperdrive will connect to this database during local development.
---

--- 2026-04-28T16:15:48.432Z debug
local dev variables file not found at ".dev.vars". Continuing... For more details, refer to https://developers.cloudflare.com/workers/wrangler/system-environment-variables/
---

--- 2026-04-28T16:15:48.432Z debug
.env file not found at "/home/ubuntu/projects/actions-canine-latest/.env". Continuing... For more details, refer to https://developers.cloudflare.com/workers/wrangler/system-environment-variables/
---

--- 2026-04-28T16:15:48.433Z log
Using secrets defined in .env.local
---

--- 2026-04-28T16:15:53.071Z log
Found a non-empty CLOUDFLARE_HYPERDRIVE_LOCAL_CONNECTION_STRING_HYPERDRIVE variable for binding. Hyperdrive will connect to this database during local development.
---

--- 2026-04-28T16:15:53.071Z debug
local dev variables file not found at ".dev.vars". Continuing... For more details, refer to https://developers.cloudflare.com/workers/wrangler/system-environment-variables/
---

--- 2026-04-28T16:15:53.071Z debug
.env file not found at "/home/ubuntu/projects/actions-canine-latest/.env". Continuing... For more details, refer to https://developers.cloudflare.com/workers/wrangler/system-environment-variables/
---

--- 2026-04-28T16:15:53.072Z log
Using secrets defined in .env.local
---
