
--- 2026-04-28T17:20:50.850Z debug
🪵  Writing logs to "/home/ubuntu/.config/.wrangler/logs/wrangler-2026-04-28_17-20-48_496.log"
---

--- 2026-04-28T17:20:50.850Z log
Found a non-empty CLOUDFLARE_HYPERDRIVE_LOCAL_CONNECTION_STRING_HYPERDRIVE variable for binding. Hyperdrive will connect to this database during local development.
---

--- 2026-04-28T17:20:50.852Z debug
local dev variables file not found at ".dev.vars". Continuing... For more details, refer to https://developers.cloudflare.com/workers/wrangler/system-environment-variables/
---

--- 2026-04-28T17:20:50.853Z debug
.env file not found at "/home/ubuntu/projects/actions-canine-latest/.env". Continuing... For more details, refer to https://developers.cloudflare.com/workers/wrangler/system-environment-variables/
---

--- 2026-04-28T17:20:50.853Z log
Using secrets defined in .env.local
---

--- 2026-04-28T17:20:55.459Z log
Found a non-empty CLOUDFLARE_HYPERDRIVE_LOCAL_CONNECTION_STRING_HYPERDRIVE variable for binding. Hyperdrive will connect to this database during local development.
---

--- 2026-04-28T17:20:55.460Z debug
local dev variables file not found at ".dev.vars". Continuing... For more details, refer to https://developers.cloudflare.com/workers/wrangler/system-environment-variables/
---

--- 2026-04-28T17:20:55.460Z debug
.env file not found at "/home/ubuntu/projects/actions-canine-latest/.env". Continuing... For more details, refer to https://developers.cloudflare.com/workers/wrangler/system-environment-variables/
---

--- 2026-04-28T17:20:55.460Z log
Using secrets defined in .env.local
---
