
--- 2026-04-29T16:49:43.117Z debug
🪵  Writing logs to "/home/ubuntu/.config/.wrangler/logs/wrangler-2026-04-29_16-49-42_844.log"
---

--- 2026-04-29T16:49:43.117Z debug
.env file not found at "/home/ubuntu/projects/actions-canine-latest/.env". Continuing... For more details, refer to https://developers.cloudflare.com/workers/wrangler/system-environment-variables/
---

--- 2026-04-29T16:49:43.682Z log

 ⛅️ wrangler 4.80.0 (update available 4.86.0)
─────────────────────────────────────────────
---

--- 2026-04-29T16:49:43.698Z debug
Metrics dispatcher: Posting data {"deviceId":"45b54f24-95c1-451d-875a-1ec00c15a0ea","event":"wrangler command started","timestamp":1777481383698,"properties":{"amplitude_session_id":1777481383696,"amplitude_event_id":0,"wranglerVersion":"4.80.0","wranglerMajorVersion":4,"wranglerMinorVersion":80,"wranglerPatchVersion":0,"osPlatform":"Linux","osVersion":"#37-Ubuntu SMP PREEMPT_DYNAMIC Fri Nov 14 22:10:32 UTC 2025","nodeVersion":24,"packageManager":"npm","isFirstUsage":false,"configFileType":"jsonc","isCI":false,"isPagesCI":false,"isWorkersCI":false,"isInteractive":false,"hasAssets":false,"agent":null,"argsUsed":[],"argsCombination":"","sanitizedCommand":"whoami","sanitizedArgs":{}}}
---

--- 2026-04-29T16:49:43.724Z log
Getting User settings...
---

--- 2026-04-29T16:49:43.729Z debug
fetching auth token grant_type=refresh_token&refresh_token=F-yfvrmuH14wxj9wR0a55oc5SsC1HiJR_ABkkjgvlQw.iFfsTjOBHRjulKBfgQFDiS_YD28_Xb-3c6WjKzP_L6s&client_id=54d11594-84e4-41aa-b438-e81b8fa78ee7
---

--- 2026-04-29T16:49:43.729Z debug
Checking if domain has Access enabled: dash.cloudflare.com
---

--- 2026-04-29T16:49:43.729Z debug
Access switch not cached for: dash.cloudflare.com
---

--- 2026-04-29T16:49:44.453Z debug
Caching access switch for: dash.cloudflare.com
---

--- 2026-04-29T16:49:44.453Z debug
Fetching auth token from https://dash.cloudflare.com/oauth2/token
---

--- 2026-04-29T16:49:44.827Z debug
-- START CF API REQUEST: GET https://api.cloudflare.com/client/v4/user
---

--- 2026-04-29T16:49:44.827Z debug
QUERY STRING: omitted; set WRANGLER_LOG_SANITIZE=false to include sanitized data
---

--- 2026-04-29T16:49:44.828Z debug
HEADERS: omitted; set WRANGLER_LOG_SANITIZE=false to include sanitized data
---

--- 2026-04-29T16:49:44.828Z debug
INIT: omitted; set WRANGLER_LOG_SANITIZE=false to include sanitized data
---

--- 2026-04-29T16:49:44.828Z debug
-- END CF API REQUEST
---

--- 2026-04-29T16:49:45.606Z debug
-- START CF API RESPONSE: OK 200
---

--- 2026-04-29T16:49:45.606Z debug
HEADERS: omitted; set WRANGLER_LOG_SANITIZE=false to include sanitized data
---

--- 2026-04-29T16:49:45.606Z debug
RESPONSE: omitted; set WRANGLER_LOG_SANITIZE=false to include sanitized data
---

--- 2026-04-29T16:49:45.606Z debug
-- END CF API RESPONSE
---

--- 2026-04-29T16:49:45.607Z debug
-- START CF API REQUEST: GET https://api.cloudflare.com/client/v4/accounts
---

--- 2026-04-29T16:49:45.607Z debug
QUERY STRING: omitted; set WRANGLER_LOG_SANITIZE=false to include sanitized data
---

--- 2026-04-29T16:49:45.607Z debug
HEADERS: omitted; set WRANGLER_LOG_SANITIZE=false to include sanitized data
---

--- 2026-04-29T16:49:45.607Z debug
INIT: omitted; set WRANGLER_LOG_SANITIZE=false to include sanitized data
---

--- 2026-04-29T16:49:45.607Z debug
-- END CF API REQUEST
---

--- 2026-04-29T16:49:45.887Z debug
-- START CF API RESPONSE: OK 200
---

--- 2026-04-29T16:49:45.887Z debug
HEADERS: omitted; set WRANGLER_LOG_SANITIZE=false to include sanitized data
---

--- 2026-04-29T16:49:45.887Z debug
RESPONSE: omitted; set WRANGLER_LOG_SANITIZE=false to include sanitized data
---

--- 2026-04-29T16:49:45.887Z debug
-- END CF API RESPONSE
---

--- 2026-04-29T16:49:45.888Z log
👋 You are logged in with an OAuth Token, associated with the email jose.carlos.velazquez@hotmail.com.
---

--- 2026-04-29T16:49:45.899Z log
┌─────────────────────────────────────────────┬──────────────────────────────────┐
│ Account Name                                │ Account ID                       │
├─────────────────────────────────────────────┼──────────────────────────────────┤
│ Jose.carlos.velazquez@hotmail.com's Account │ 791380772df6fb775517d2c73ee9e63c │
└─────────────────────────────────────────────┴──────────────────────────────────┘
---

--- 2026-04-29T16:49:45.899Z log
🔓 Token Permissions:
---

--- 2026-04-29T16:49:45.900Z log
Scope (Access)
---

--- 2026-04-29T16:49:45.900Z log
- account (read)
---

--- 2026-04-29T16:49:45.900Z log
- user (read)
---

--- 2026-04-29T16:49:45.900Z log
- workers (write)
---

--- 2026-04-29T16:49:45.900Z log
- workers_kv (write)
---

--- 2026-04-29T16:49:45.900Z log
- workers_routes (write)
---

--- 2026-04-29T16:49:45.900Z log
- workers_scripts (write)
---

--- 2026-04-29T16:49:45.900Z log
- workers_tail (read)
---

--- 2026-04-29T16:49:45.900Z log
- d1 (write)
---

--- 2026-04-29T16:49:45.900Z log
- pages (write)
---

--- 2026-04-29T16:49:45.900Z log
- zone (read)
---

--- 2026-04-29T16:49:45.900Z log
- ssl_certs (write)
---

--- 2026-04-29T16:49:45.900Z log
- ai (write)
---

--- 2026-04-29T16:49:45.900Z log
- ai-search (write)
---

--- 2026-04-29T16:49:45.900Z log
- ai-search (run)
---

--- 2026-04-29T16:49:45.900Z log
- queues (write)
---

--- 2026-04-29T16:49:45.900Z log
- pipelines (write)
---

--- 2026-04-29T16:49:45.900Z log
- secrets_store (write)
---

--- 2026-04-29T16:49:45.901Z log
- containers (write)
---

--- 2026-04-29T16:49:45.901Z log
- cloudchamber (write)
---

--- 2026-04-29T16:49:45.901Z log
- connectivity (admin)
---

--- 2026-04-29T16:49:45.901Z log
- offline_access 
---

--- 2026-04-29T16:49:45.901Z debug
Metrics dispatcher: Posting data {"deviceId":"45b54f24-95c1-451d-875a-1ec00c15a0ea","event":"view accounts","timestamp":1777481385901,"properties":{"amplitude_session_id":1777481385901,"amplitude_event_id":0,"wranglerVersion":"4.80.0","wranglerMajorVersion":4,"wranglerMinorVersion":80,"wranglerPatchVersion":0,"osPlatform":"Linux","osVersion":"#37-Ubuntu SMP PREEMPT_DYNAMIC Fri Nov 14 22:10:32 UTC 2025","nodeVersion":24,"packageManager":"npm","isFirstUsage":false,"configFileType":"none","isCI":false,"isPagesCI":false,"isWorkersCI":false,"isInteractive":false,"hasAssets":false,"agent":null,"category":"Workers","os":"linux:x64"}}
---

--- 2026-04-29T16:49:45.903Z debug
Metrics dispatcher: Posting data {"deviceId":"45b54f24-95c1-451d-875a-1ec00c15a0ea","event":"wrangler command completed","timestamp":1777481385903,"properties":{"amplitude_session_id":1777481383696,"amplitude_event_id":1,"wranglerVersion":"4.80.0","wranglerMajorVersion":4,"wranglerMinorVersion":80,"wranglerPatchVersion":0,"osPlatform":"Linux","osVersion":"#37-Ubuntu SMP PREEMPT_DYNAMIC Fri Nov 14 22:10:32 UTC 2025","nodeVersion":24,"packageManager":"npm","isFirstUsage":false,"configFileType":"jsonc","isCI":false,"isPagesCI":false,"isWorkersCI":false,"isInteractive":false,"hasAssets":false,"agent":null,"argsUsed":[],"argsCombination":"","sanitizedCommand":"whoami","sanitizedArgs":{},"durationMs":2782}}
---
