
--- 2026-04-17T16:58:37.266Z debug
🪵  Writing logs to "/home/ubuntu/.config/.wrangler/logs/wrangler-2026-04-17_16-58-36_992.log"
---

--- 2026-04-17T16:58:37.266Z debug
.env file not found at "/home/ubuntu/projects/pawlytics/.env". Continuing... For more details, refer to https://developers.cloudflare.com/workers/wrangler/system-environment-variables/
---

--- 2026-04-17T16:58:37.268Z debug
.env file not found at "/home/ubuntu/projects/pawlytics/.env.local". Continuing... For more details, refer to https://developers.cloudflare.com/workers/wrangler/system-environment-variables/
---

--- 2026-04-17T16:58:37.281Z debug
Metrics dispatcher: Posting data {"deviceId":"45b54f24-95c1-451d-875a-1ec00c15a0ea","event":"wrangler command started","timestamp":1776445117281,"properties":{"amplitude_session_id":1776445117279,"amplitude_event_id":0,"wranglerVersion":"4.83.0","wranglerMajorVersion":4,"wranglerMinorVersion":83,"wranglerPatchVersion":0,"osPlatform":"Linux","osVersion":"#37-Ubuntu SMP PREEMPT_DYNAMIC Fri Nov 14 22:10:32 UTC 2025","nodeVersion":24,"packageManager":"npm","isFirstUsage":false,"configFileType":"jsonc","isCI":false,"isPagesCI":false,"isWorkersCI":false,"isInteractive":false,"hasAssets":false,"agent":null,"argsUsed":[],"argsCombination":"","sanitizedCommand":"whoami","sanitizedArgs":{}}}
---

--- 2026-04-17T16:58:37.302Z log
Getting User settings...
---

--- 2026-04-17T16:58:37.313Z debug
-- START CF API REQUEST: GET https://api.cloudflare.com/client/v4/user
---

--- 2026-04-17T16:58:37.313Z debug
QUERY STRING: omitted; set WRANGLER_LOG_SANITIZE=false to include sanitized data
---

--- 2026-04-17T16:58:37.314Z debug
HEADERS: omitted; set WRANGLER_LOG_SANITIZE=false to include sanitized data
---

--- 2026-04-17T16:58:37.314Z debug
INIT: omitted; set WRANGLER_LOG_SANITIZE=false to include sanitized data
---

--- 2026-04-17T16:58:37.314Z debug
-- END CF API REQUEST
---

--- 2026-04-17T16:58:37.529Z debug
-- START CF API RESPONSE: OK 200
---

--- 2026-04-17T16:58:37.530Z debug
HEADERS: omitted; set WRANGLER_LOG_SANITIZE=false to include sanitized data
---

--- 2026-04-17T16:58:37.530Z debug
RESPONSE: omitted; set WRANGLER_LOG_SANITIZE=false to include sanitized data
---

--- 2026-04-17T16:58:37.530Z debug
-- END CF API RESPONSE
---

--- 2026-04-17T16:58:37.531Z debug
-- START CF API REQUEST: GET https://api.cloudflare.com/client/v4/accounts
---

--- 2026-04-17T16:58:37.532Z debug
QUERY STRING: omitted; set WRANGLER_LOG_SANITIZE=false to include sanitized data
---

--- 2026-04-17T16:58:37.532Z debug
HEADERS: omitted; set WRANGLER_LOG_SANITIZE=false to include sanitized data
---

--- 2026-04-17T16:58:37.532Z debug
INIT: omitted; set WRANGLER_LOG_SANITIZE=false to include sanitized data
---

--- 2026-04-17T16:58:37.532Z debug
-- END CF API REQUEST
---

--- 2026-04-17T16:58:37.769Z debug
-- START CF API RESPONSE: OK 200
---

--- 2026-04-17T16:58:37.769Z debug
HEADERS: omitted; set WRANGLER_LOG_SANITIZE=false to include sanitized data
---

--- 2026-04-17T16:58:37.769Z debug
RESPONSE: omitted; set WRANGLER_LOG_SANITIZE=false to include sanitized data
---

--- 2026-04-17T16:58:37.769Z debug
-- END CF API RESPONSE
---

--- 2026-04-17T16:58:37.770Z log
👋 You are logged in with an OAuth Token, associated with the email jose.carlos.velazquez@hotmail.com.
---

--- 2026-04-17T16:58:37.775Z log
┌─────────────────────────────────────────────┬──────────────────────────────────┐
│ Account Name                                │ Account ID                       │
├─────────────────────────────────────────────┼──────────────────────────────────┤
│ Jose.carlos.velazquez@hotmail.com's Account │ 791380772df6fb775517d2c73ee9e63c │
└─────────────────────────────────────────────┴──────────────────────────────────┘
---

--- 2026-04-17T16:58:37.775Z log
🔓 Token Permissions:
---

--- 2026-04-17T16:58:37.775Z log
Scope (Access)
---

--- 2026-04-17T16:58:37.775Z log
- account (read)
---

--- 2026-04-17T16:58:37.775Z log
- user (read)
---

--- 2026-04-17T16:58:37.776Z log
- workers (write)
---

--- 2026-04-17T16:58:37.776Z log
- workers_kv (write)
---

--- 2026-04-17T16:58:37.776Z log
- workers_routes (write)
---

--- 2026-04-17T16:58:37.776Z log
- workers_scripts (write)
---

--- 2026-04-17T16:58:37.776Z log
- workers_tail (read)
---

--- 2026-04-17T16:58:37.776Z log
- d1 (write)
---

--- 2026-04-17T16:58:37.776Z log
- pages (write)
---

--- 2026-04-17T16:58:37.776Z log
- zone (read)
---

--- 2026-04-17T16:58:37.776Z log
- ssl_certs (write)
---

--- 2026-04-17T16:58:37.776Z log
- ai (write)
---

--- 2026-04-17T16:58:37.776Z log
- ai-search (write)
---

--- 2026-04-17T16:58:37.776Z log
- ai-search (run)
---

--- 2026-04-17T16:58:37.776Z log
- queues (write)
---

--- 2026-04-17T16:58:37.776Z log
- pipelines (write)
---

--- 2026-04-17T16:58:37.776Z log
- secrets_store (write)
---

--- 2026-04-17T16:58:37.776Z log
- containers (write)
---

--- 2026-04-17T16:58:37.776Z log
- cloudchamber (write)
---

--- 2026-04-17T16:58:37.776Z log
- connectivity (admin)
---

--- 2026-04-17T16:58:37.776Z log
- offline_access 
---

--- 2026-04-17T16:58:37.776Z log

---

--- 2026-04-17T16:58:37.836Z log
▲ [WARNING] Wrangler is missing some expected Oauth scopes. To fix this, run `wrangler login` to refresh your token. The missing scopes are:

  - artifacts:write
  - flagship:write
  - email_routing:write
  - email_sending:write
  - browser:write


---

--- 2026-04-17T16:58:37.837Z debug
Metrics dispatcher: Posting data {"deviceId":"45b54f24-95c1-451d-875a-1ec00c15a0ea","event":"view accounts","timestamp":1776445117837,"properties":{"amplitude_session_id":1776445117837,"amplitude_event_id":0,"wranglerVersion":"4.83.0","wranglerMajorVersion":4,"wranglerMinorVersion":83,"wranglerPatchVersion":0,"osPlatform":"Linux","osVersion":"#37-Ubuntu SMP PREEMPT_DYNAMIC Fri Nov 14 22:10:32 UTC 2025","nodeVersion":24,"packageManager":"npm","isFirstUsage":false,"configFileType":"none","isCI":false,"isPagesCI":false,"isWorkersCI":false,"isInteractive":false,"hasAssets":false,"agent":null,"category":"Workers","os":"linux:x64"}}
---

--- 2026-04-17T16:58:37.839Z debug
Metrics dispatcher: Posting data {"deviceId":"45b54f24-95c1-451d-875a-1ec00c15a0ea","event":"wrangler command completed","timestamp":1776445117839,"properties":{"amplitude_session_id":1776445117279,"amplitude_event_id":1,"wranglerVersion":"4.83.0","wranglerMajorVersion":4,"wranglerMinorVersion":83,"wranglerPatchVersion":0,"osPlatform":"Linux","osVersion":"#37-Ubuntu SMP PREEMPT_DYNAMIC Fri Nov 14 22:10:32 UTC 2025","nodeVersion":24,"packageManager":"npm","isFirstUsage":false,"configFileType":"jsonc","isCI":false,"isPagesCI":false,"isWorkersCI":false,"isInteractive":false,"hasAssets":false,"agent":null,"argsUsed":[],"argsCombination":"","sanitizedCommand":"whoami","sanitizedArgs":{},"durationMs":570}}
---
