
--- 2026-04-15T23:09:09.579Z debug
🪵  Writing logs to "/home/ubuntu/.config/.wrangler/logs/wrangler-2026-04-15_23-09-09_188.log"
---

--- 2026-04-15T23:09:09.579Z debug
.env file not found at "/home/ubuntu/projects/actions-canine-latest/.env". Continuing... For more details, refer to https://developers.cloudflare.com/workers/wrangler/system-environment-variables/
---

--- 2026-04-15T23:09:09.581Z debug
.env file not found at "/home/ubuntu/projects/actions-canine-latest/.env.local". Continuing... For more details, refer to https://developers.cloudflare.com/workers/wrangler/system-environment-variables/
---

--- 2026-04-15T23:09:09.606Z debug
Metrics dispatcher: Posting data {"deviceId":"45b54f24-95c1-451d-875a-1ec00c15a0ea","event":"wrangler command started","timestamp":1776294549606,"properties":{"amplitude_session_id":1776294549603,"amplitude_event_id":0,"wranglerVersion":"4.80.0","wranglerMajorVersion":4,"wranglerMinorVersion":80,"wranglerPatchVersion":0,"osPlatform":"Linux","osVersion":"#37-Ubuntu SMP PREEMPT_DYNAMIC Fri Nov 14 22:10:32 UTC 2025","nodeVersion":24,"packageManager":"npm","isFirstUsage":false,"configFileType":"jsonc","isCI":false,"isPagesCI":false,"isWorkersCI":false,"isInteractive":false,"hasAssets":false,"agent":null,"argsUsed":["format","samplingRate","search"],"argsCombination":"format, samplingRate, search","sanitizedCommand":"tail","sanitizedArgs":{"format":"pretty"}}}
---

--- 2026-04-15T23:09:10.571Z log

 ⛅️ wrangler 4.80.0 (update available 4.83.0)
─────────────────────────────────────────────
---

--- 2026-04-15T23:09:10.573Z debug
Metrics dispatcher: Posting data {"deviceId":"45b54f24-95c1-451d-875a-1ec00c15a0ea","event":"begin log stream","timestamp":1776294550573,"properties":{"amplitude_session_id":1776294550572,"amplitude_event_id":0,"wranglerVersion":"4.80.0","wranglerMajorVersion":4,"wranglerMinorVersion":80,"wranglerPatchVersion":0,"osPlatform":"Linux","osVersion":"#37-Ubuntu SMP PREEMPT_DYNAMIC Fri Nov 14 22:10:32 UTC 2025","nodeVersion":24,"packageManager":"npm","isFirstUsage":false,"configFileType":"none","isCI":false,"isPagesCI":false,"isWorkersCI":false,"isInteractive":false,"hasAssets":false,"agent":null,"category":"Workers","os":"linux:x64"}}
---

--- 2026-04-15T23:09:10.576Z debug
fetching auth token grant_type=refresh_token&refresh_token=TAHAUomAk29Kgfa2XEYTSJ_J0QturEP3rtbkOMLNCqU.EXo2pZMzLekj5dNh6dsFq9K0Cg-NgOj_K506ouRiRbo&client_id=54d11594-84e4-41aa-b438-e81b8fa78ee7
---

--- 2026-04-15T23:09:10.576Z debug
Checking if domain has Access enabled: dash.cloudflare.com
---

--- 2026-04-15T23:09:10.576Z debug
Access switch not cached for: dash.cloudflare.com
---

--- 2026-04-15T23:09:10.612Z debug
Caching access switch for: dash.cloudflare.com
---

--- 2026-04-15T23:09:10.612Z debug
Fetching auth token from https://dash.cloudflare.com/oauth2/token
---

--- 2026-04-15T23:09:10.779Z debug
-- START CF API REQUEST: POST https://api.cloudflare.com/client/v4/accounts/791380772df6fb775517d2c73ee9e63c/workers/scripts/action-canine-training/tails
---

--- 2026-04-15T23:09:10.779Z debug
QUERY STRING: omitted; set WRANGLER_LOG_SANITIZE=false to include sanitized data
---

--- 2026-04-15T23:09:10.780Z debug
HEADERS: omitted; set WRANGLER_LOG_SANITIZE=false to include sanitized data
---

--- 2026-04-15T23:09:10.780Z debug
INIT: omitted; set WRANGLER_LOG_SANITIZE=false to include sanitized data
---

--- 2026-04-15T23:09:10.780Z debug
-- END CF API REQUEST
---

--- 2026-04-15T23:09:11.207Z debug
-- START CF API RESPONSE: OK 200
---

--- 2026-04-15T23:09:11.208Z debug
HEADERS: omitted; set WRANGLER_LOG_SANITIZE=false to include sanitized data
---

--- 2026-04-15T23:09:11.208Z debug
RESPONSE: omitted; set WRANGLER_LOG_SANITIZE=false to include sanitized data
---

--- 2026-04-15T23:09:11.208Z debug
-- END CF API RESPONSE
---

--- 2026-04-15T23:09:11.212Z log
Successfully created tail, expires at 2026-04-16T02:31:31Z
---

--- 2026-04-15T23:09:11.514Z log
Connected to action-canine-training, waiting for logs...
---

--- 2026-04-15T23:09:11.515Z debug
Metrics dispatcher: Posting data {"deviceId":"45b54f24-95c1-451d-875a-1ec00c15a0ea","event":"wrangler command completed","timestamp":1776294551515,"properties":{"amplitude_session_id":1776294549603,"amplitude_event_id":1,"wranglerVersion":"4.80.0","wranglerMajorVersion":4,"wranglerMinorVersion":80,"wranglerPatchVersion":0,"osPlatform":"Linux","osVersion":"#37-Ubuntu SMP PREEMPT_DYNAMIC Fri Nov 14 22:10:32 UTC 2025","nodeVersion":24,"packageManager":"npm","isFirstUsage":false,"configFileType":"jsonc","isCI":false,"isPagesCI":false,"isWorkersCI":false,"isInteractive":false,"hasAssets":false,"agent":null,"argsUsed":["format","samplingRate","search"],"argsCombination":"format, samplingRate, search","sanitizedCommand":"tail","sanitizedArgs":{"format":"pretty"},"durationMs":1932}}
---

--- 2026-04-15T23:09:16.368Z log
POST https://actioncaninetraining.com/api/auth/email-otp/send-verification-otp - Ok @ 4/15/2026, 11:09:15 PM
---

--- 2026-04-15T23:09:16.369Z log
  (error) [auth.route] auth.handler threw {
  method: 'POST',
  url: 'https://actioncaninetraining.com/api/auth/email-otp/send-verification-otp',
  name: 'Error',
  message: 'DATABASE_URL or HYPERDRIVE connection string is required',
  stack: 'Error: DATABASE_URL or HYPERDRIVE connection string is required\n' +
    '    at getDb (assets/cf-bindings.server-99b6nxWz.js:16619:11)\n' +
    '    at buildAuth (assets/index-DjIBLVza.js:57544:14)\n' +
    '    at getAuth (assets/index-DjIBLVza.js:57661:10)\n' +
    '    at Object.handler (assets/index-DjIBLVza.js:57664:26)\n' +
    '    at handleAuth (assets/router-DBZD4DXr.js:8369:33)\n' +
    '    at POST (assets/router-DBZD4DXr.js:8407:30)\n' +
    '    at assets/worker-entry-Dlz7J9tu.js:17953:28\n' +
    '    at next (assets/worker-entry-Dlz7J9tu.js:17930:22)\n' +
    '    at executeMiddleware (assets/worker-entry-Dlz7J9tu.js:17948:10)\n' +
    '    at handleServerRoutes (assets/worker-entry-Dlz7J9tu.js:18165:17)'
}
---

--- 2026-04-15T23:09:16.369Z log
  (error) { status: 500, unhandled: true, message: 'HTTPError' }
---
