
--- 2026-04-27T15:12:19.872Z debug
🪵  Writing logs to "/home/ubuntu/.config/.wrangler/logs/wrangler-2026-04-27_15-12-16_929.log"
---

--- 2026-04-27T15:12:19.871Z log
Found a non-empty CLOUDFLARE_HYPERDRIVE_LOCAL_CONNECTION_STRING_HYPERDRIVE variable for binding. Hyperdrive will connect to this database during local development.
---

--- 2026-04-27T15:12:19.873Z debug
local dev variables file not found at ".dev.vars". Continuing... For more details, refer to https://developers.cloudflare.com/workers/wrangler/system-environment-variables/
---

--- 2026-04-27T15:12:19.874Z debug
.env file not found at "/home/ubuntu/projects/actions-canine-latest.worktrees/landing-page-parity/.env". Continuing... For more details, refer to https://developers.cloudflare.com/workers/wrangler/system-environment-variables/
---

--- 2026-04-27T15:12:19.874Z log
Using secrets defined in .env.local
---

--- 2026-04-27T15:12:25.464Z log
Found a non-empty CLOUDFLARE_HYPERDRIVE_LOCAL_CONNECTION_STRING_HYPERDRIVE variable for binding. Hyperdrive will connect to this database during local development.
---

--- 2026-04-27T15:12:25.465Z debug
local dev variables file not found at ".dev.vars". Continuing... For more details, refer to https://developers.cloudflare.com/workers/wrangler/system-environment-variables/
---

--- 2026-04-27T15:12:25.465Z debug
.env file not found at "/home/ubuntu/projects/actions-canine-latest.worktrees/landing-page-parity/.env". Continuing... For more details, refer to https://developers.cloudflare.com/workers/wrangler/system-environment-variables/
---

--- 2026-04-27T15:12:25.465Z log
Using secrets defined in .env.local
---
