
--- 2026-04-17T17:23:12.525Z debug
🪵  Writing logs to "/home/ubuntu/.config/.wrangler/logs/wrangler-2026-04-17_17-23-12_262.log"
---

--- 2026-04-17T17:23:12.525Z debug
.env file not found at "/home/ubuntu/projects/.env". Continuing... For more details, refer to https://developers.cloudflare.com/workers/wrangler/system-environment-variables/
---

--- 2026-04-17T17:23:12.526Z debug
.env file not found at "/home/ubuntu/projects/.env.local". Continuing... For more details, refer to https://developers.cloudflare.com/workers/wrangler/system-environment-variables/
---

--- 2026-04-17T17:23:12.534Z log

 ⛅️ wrangler 4.83.0
───────────────────
---

--- 2026-04-17T17:23:12.537Z debug
Metrics dispatcher: Posting data {"deviceId":"45b54f24-95c1-451d-875a-1ec00c15a0ea","event":"wrangler command started","timestamp":1776446592537,"properties":{"amplitude_session_id":1776446592536,"amplitude_event_id":0,"wranglerVersion":"4.83.0","wranglerMajorVersion":4,"wranglerMinorVersion":83,"wranglerPatchVersion":0,"osPlatform":"Linux","osVersion":"#37-Ubuntu SMP PREEMPT_DYNAMIC Fri Nov 14 22:10:32 UTC 2025","nodeVersion":24,"packageManager":"npm","isFirstUsage":false,"configFileType":"none","isCI":false,"isPagesCI":false,"isWorkersCI":false,"isInteractive":true,"hasAssets":false,"agent":null,"argsUsed":[],"argsCombination":"","sanitizedCommand":"init","sanitizedArgs":{}}}
---

--- 2026-04-17T17:23:12.722Z debug
Using npm as package manager.
---

--- 2026-04-17T17:23:12.723Z log
🌀 Running `npm create cloudflare elysia-on-cloudflare --`...
---

--- 2026-04-17T17:24:31.212Z debug
Metrics dispatcher: Posting data {"deviceId":"45b54f24-95c1-451d-875a-1ec00c15a0ea","event":"wrangler command completed","timestamp":1776446671212,"properties":{"amplitude_session_id":1776446592536,"amplitude_event_id":1,"wranglerVersion":"4.83.0","wranglerMajorVersion":4,"wranglerMinorVersion":83,"wranglerPatchVersion":0,"osPlatform":"Linux","osVersion":"#37-Ubuntu SMP PREEMPT_DYNAMIC Fri Nov 14 22:10:32 UTC 2025","nodeVersion":24,"packageManager":"npm","isFirstUsage":false,"configFileType":"none","isCI":false,"isPagesCI":false,"isWorkersCI":false,"isInteractive":true,"hasAssets":false,"agent":null,"argsUsed":[],"argsCombination":"","sanitizedCommand":"init","sanitizedArgs":{},"durationMs":78684}}
---
